// Jest Snapshot v1, https://goo.gl/fbAQLP

exports[`component renders 1`] = `
<main
  className="control"
>
  <div
    className="title"
  >
    可拖动step调整速度
  </div>
  <section
    className="control-main"
  >
    <div
      className="video-item"
    >
      <div
        className="ant-slider"
        onBlur={[Function]}
        onFocus={[Function]}
        onKeyDown={[Function]}
        onMouseDown={[Function]}
        onMouseUp={[Function]}
        onTouchStart={[Function]}
      >
        <div
          className="ant-slider-rail"
          style={Object {}}
        />
        <div
          className="ant-slider-track"
          style={
            Object {
              "left": "0%",
              "right": "auto",
              "width": "18.36734693877551%",
            }
          }
        />
        <div
          className="ant-slider-step"
        />
        <div
          aria-disabled={false}
          aria-valuemax={5}
          aria-valuemin={0.1}
          aria-valuenow={1}
          className="ant-slider-handle"
          onBlur={[Function]}
          onKeyDown={[Function]}
          onMouseDown={[Function]}
          onMouseEnter={[Function]}
          onMouseLeave={[Function]}
          role="slider"
          style={
            Object {
              "left": "18.36734693877551%",
              "right": "auto",
              "transform": "translateX(-50%)",
            }
          }
          tabIndex={0}
        />
        <div
          className="ant-slider-mark"
        />
      </div>
      <div
        className="rate-wrapper"
      >
        <span
          aria-label="pause-circle"
          className="anticon anticon-pause-circle icon-control"
          onClick={[Function]}
          role="img"
          tabIndex={-1}
        >
          <svg
            aria-hidden="true"
            className=""
            data-icon="pause-circle"
            fill="currentColor"
            focusable="false"
            height="1em"
            viewBox="64 64 896 896"
            width="1em"
          >
            <path
              d="M512 64C264.6 64 64 264.6 64 512s200.6 448 448 448 448-200.6 448-448S759.4 64 512 64zm0 820c-205.4 0-372-166.6-372-372s166.6-372 372-372 372 166.6 372 372-166.6 372-372 372zm-88-532h-48c-4.4 0-8 3.6-8 8v304c0 4.4 3.6 8 8 8h48c4.4 0 8-3.6 8-8V360c0-4.4-3.6-8-8-8zm224 0h-48c-4.4 0-8 3.6-8 8v304c0 4.4 3.6 8 8 8h48c4.4 0 8-3.6 8-8V360c0-4.4-3.6-8-8-8z"
            />
          </svg>
        </span>
        <span
          aria-label="audio"
          className="anticon anticon-audio icon-control middle"
          onClick={[Function]}
          role="img"
          tabIndex={-1}
        >
          <svg
            aria-hidden="true"
            className=""
            data-icon="audio"
            fill="currentColor"
            focusable="false"
            height="1em"
            viewBox="64 64 896 896"
            width="1em"
          >
            <path
              d="M842 454c0-4.4-3.6-8-8-8h-60c-4.4 0-8 3.6-8 8 0 140.3-113.7 254-254 254S258 594.3 258 454c0-4.4-3.6-8-8-8h-60c-4.4 0-8 3.6-8 8 0 168.7 126.6 307.9 290 327.6V884H326.7c-13.7 0-24.7 14.3-24.7 32v36c0 4.4 2.8 8 6.2 8h407.6c3.4 0 6.2-3.6 6.2-8v-36c0-17.7-11-32-24.7-32H548V782.1c165.3-18 294-158 294-328.1zM512 624c93.9 0 170-75.2 170-168V232c0-92.8-76.1-168-170-168s-170 75.2-170 168v224c0 92.8 76.1 168 170 168zm-94-392c0-50.6 41.9-92 94-92s94 41.4 94 92v224c0 50.6-41.9 92-94 92s-94-41.4-94-92V232z"
            />
          </svg>
        </span>
        <button
          className="ant-btn ant-btn-primary ant-btn-sm"
          disabled={true}
          onClick={[Function]}
          type="button"
        >
          <span>
            Reset
          </span>
        </button>
        <button
          className="ant-btn ant-btn-default ant-btn-sm"
          disabled={false}
          onClick={[Function]}
          type="button"
        >
          <span>
            ✖️2
          </span>
        </button>
        <button
          className="ant-btn ant-btn-default ant-btn-sm"
          disabled={false}
          onClick={[Function]}
          type="button"
        >
          <span>
            ✖️3
          </span>
        </button>
        <button
          className="ant-btn ant-btn-default ant-btn-sm"
          disabled={false}
          onClick={[Function]}
          type="button"
        >
          <span>
            ✖️4
          </span>
        </button>
        <button
          className="ant-btn ant-btn-default ant-btn-sm"
          disabled={false}
          onClick={[Function]}
          type="button"
        >
          <span>
            ✖️5
          </span>
        </button>
      </div>
    </div>
    <div
      className="video-item"
    >
      <div
        className="ant-slider"
        onBlur={[Function]}
        onFocus={[Function]}
        onKeyDown={[Function]}
        onMouseDown={[Function]}
        onMouseUp={[Function]}
        onTouchStart={[Function]}
      >
        <div
          className="ant-slider-rail"
          style={Object {}}
        />
        <div
          className="ant-slider-track"
          style={
            Object {
              "left": "0%",
              "right": "auto",
              "width": "38.77551020408163%",
            }
          }
        />
        <div
          className="ant-slider-step"
        />
        <div
          aria-disabled={false}
          aria-valuemax={5}
          aria-valuemin={0.1}
          aria-valuenow={2}
          className="ant-slider-handle"
          onBlur={[Function]}
          onKeyDown={[Function]}
          onMouseDown={[Function]}
          onMouseEnter={[Function]}
          onMouseLeave={[Function]}
          role="slider"
          style={
            Object {
              "left": "38.77551020408163%",
              "right": "auto",
              "transform": "translateX(-50%)",
            }
          }
          tabIndex={0}
        />
        <div
          className="ant-slider-mark"
        />
      </div>
      <div
        className="rate-wrapper"
      >
        <span
          aria-label="pause-circle"
          className="anticon anticon-pause-circle icon-control"
          onClick={[Function]}
          role="img"
          tabIndex={-1}
        >
          <svg
            aria-hidden="true"
            className=""
            data-icon="pause-circle"
            fill="currentColor"
            focusable="false"
            height="1em"
            viewBox="64 64 896 896"
            width="1em"
          >
            <path
              d="M512 64C264.6 64 64 264.6 64 512s200.6 448 448 448 448-200.6 448-448S759.4 64 512 64zm0 820c-205.4 0-372-166.6-372-372s166.6-372 372-372 372 166.6 372 372-166.6 372-372 372zm-88-532h-48c-4.4 0-8 3.6-8 8v304c0 4.4 3.6 8 8 8h48c4.4 0 8-3.6 8-8V360c0-4.4-3.6-8-8-8zm224 0h-48c-4.4 0-8 3.6-8 8v304c0 4.4 3.6 8 8 8h48c4.4 0 8-3.6 8-8V360c0-4.4-3.6-8-8-8z"
            />
          </svg>
        </span>
        <span
          aria-label="audio"
          className="anticon anticon-audio icon-control middle"
          onClick={[Function]}
          role="img"
          tabIndex={-1}
        >
          <svg
            aria-hidden="true"
            className=""
            data-icon="audio"
            fill="currentColor"
            focusable="false"
            height="1em"
            viewBox="64 64 896 896"
            width="1em"
          >
            <path
              d="M842 454c0-4.4-3.6-8-8-8h-60c-4.4 0-8 3.6-8 8 0 140.3-113.7 254-254 254S258 594.3 258 454c0-4.4-3.6-8-8-8h-60c-4.4 0-8 3.6-8 8 0 168.7 126.6 307.9 290 327.6V884H326.7c-13.7 0-24.7 14.3-24.7 32v36c0 4.4 2.8 8 6.2 8h407.6c3.4 0 6.2-3.6 6.2-8v-36c0-17.7-11-32-24.7-32H548V782.1c165.3-18 294-158 294-328.1zM512 624c93.9 0 170-75.2 170-168V232c0-92.8-76.1-168-170-168s-170 75.2-170 168v224c0 92.8 76.1 168 170 168zm-94-392c0-50.6 41.9-92 94-92s94 41.4 94 92v224c0 50.6-41.9 92-94 92s-94-41.4-94-92V232z"
            />
          </svg>
        </span>
        <button
          className="ant-btn ant-btn-primary ant-btn-sm"
          disabled={false}
          onClick={[Function]}
          type="button"
        >
          <span>
            Reset
          </span>
        </button>
        <button
          className="ant-btn ant-btn-default ant-btn-sm"
          disabled={true}
          onClick={[Function]}
          type="button"
        >
          <span>
            ✖️2
          </span>
        </button>
        <button
          className="ant-btn ant-btn-default ant-btn-sm"
          disabled={false}
          onClick={[Function]}
          type="button"
        >
          <span>
            ✖️3
          </span>
        </button>
        <button
          className="ant-btn ant-btn-default ant-btn-sm"
          disabled={false}
          onClick={[Function]}
          type="button"
        >
          <span>
            ✖️4
          </span>
        </button>
        <button
          className="ant-btn ant-btn-default ant-btn-sm"
          disabled={false}
          onClick={[Function]}
          type="button"
        >
          <span>
            ✖️5
          </span>
        </button>
      </div>
    </div>
    <div
      className="video-item"
    >
      <div
        className="ant-slider"
        onBlur={[Function]}
        onFocus={[Function]}
        onKeyDown={[Function]}
        onMouseDown={[Function]}
        onMouseUp={[Function]}
        onTouchStart={[Function]}
      >
        <div
          className="ant-slider-rail"
          style={Object {}}
        />
        <div
          className="ant-slider-track"
          style={
            Object {
              "left": "0%",
              "right": "auto",
              "width": "59.183673469387756%",
            }
          }
        />
        <div
          className="ant-slider-step"
        />
        <div
          aria-disabled={false}
          aria-valuemax={5}
          aria-valuemin={0.1}
          aria-valuenow={3}
          className="ant-slider-handle"
          onBlur={[Function]}
          onKeyDown={[Function]}
          onMouseDown={[Function]}
          onMouseEnter={[Function]}
          onMouseLeave={[Function]}
          role="slider"
          style={
            Object {
              "left": "59.183673469387756%",
              "right": "auto",
              "transform": "translateX(-50%)",
            }
          }
          tabIndex={0}
        />
        <div
          className="ant-slider-mark"
        />
      </div>
      <div
        className="rate-wrapper"
      >
        <span
          aria-label="pause-circle"
          className="anticon anticon-pause-circle icon-control"
          onClick={[Function]}
          role="img"
          tabIndex={-1}
        >
          <svg
            aria-hidden="true"
            className=""
            data-icon="pause-circle"
            fill="currentColor"
            focusable="false"
            height="1em"
            viewBox="64 64 896 896"
            width="1em"
          >
            <path
              d="M512 64C264.6 64 64 264.6 64 512s200.6 448 448 448 448-200.6 448-448S759.4 64 512 64zm0 820c-205.4 0-372-166.6-372-372s166.6-372 372-372 372 166.6 372 372-166.6 372-372 372zm-88-532h-48c-4.4 0-8 3.6-8 8v304c0 4.4 3.6 8 8 8h48c4.4 0 8-3.6 8-8V360c0-4.4-3.6-8-8-8zm224 0h-48c-4.4 0-8 3.6-8 8v304c0 4.4 3.6 8 8 8h48c4.4 0 8-3.6 8-8V360c0-4.4-3.6-8-8-8z"
            />
          </svg>
        </span>
        <span
          aria-label="audio"
          className="anticon anticon-audio icon-control middle"
          onClick={[Function]}
          role="img"
          tabIndex={-1}
        >
          <svg
            aria-hidden="true"
            className=""
            data-icon="audio"
            fill="currentColor"
            focusable="false"
            height="1em"
            viewBox="64 64 896 896"
            width="1em"
          >
            <path
              d="M842 454c0-4.4-3.6-8-8-8h-60c-4.4 0-8 3.6-8 8 0 140.3-113.7 254-254 254S258 594.3 258 454c0-4.4-3.6-8-8-8h-60c-4.4 0-8 3.6-8 8 0 168.7 126.6 307.9 290 327.6V884H326.7c-13.7 0-24.7 14.3-24.7 32v36c0 4.4 2.8 8 6.2 8h407.6c3.4 0 6.2-3.6 6.2-8v-36c0-17.7-11-32-24.7-32H548V782.1c165.3-18 294-158 294-328.1zM512 624c93.9 0 170-75.2 170-168V232c0-92.8-76.1-168-170-168s-170 75.2-170 168v224c0 92.8 76.1 168 170 168zm-94-392c0-50.6 41.9-92 94-92s94 41.4 94 92v224c0 50.6-41.9 92-94 92s-94-41.4-94-92V232z"
            />
          </svg>
        </span>
        <button
          className="ant-btn ant-btn-primary ant-btn-sm"
          disabled={false}
          onClick={[Function]}
          type="button"
        >
          <span>
            Reset
          </span>
        </button>
        <button
          className="ant-btn ant-btn-default ant-btn-sm"
          disabled={false}
          onClick={[Function]}
          type="button"
        >
          <span>
            ✖️2
          </span>
        </button>
        <button
          className="ant-btn ant-btn-default ant-btn-sm"
          disabled={true}
          onClick={[Function]}
          type="button"
        >
          <span>
            ✖️3
          </span>
        </button>
        <button
          className="ant-btn ant-btn-default ant-btn-sm"
          disabled={false}
          onClick={[Function]}
          type="button"
        >
          <span>
            ✖️4
          </span>
        </button>
        <button
          className="ant-btn ant-btn-default ant-btn-sm"
          disabled={false}
          onClick={[Function]}
          type="button"
        >
          <span>
            ✖️5
          </span>
        </button>
      </div>
    </div>
  </section>
</main>
`;
